 minispy

 Timestamp is 68d28b18 (Tue Sep 23 20:57:12 2025)

 Preferred load address is 0000000140000000

 Start         Length     Name                   Class
 0001:00000000 00001160H .text$mn                CODE
 0001:00001160 00000070H .text$mn$00             CODE
 0001:000011d0 00000010H .text$mn$21             CODE
 0001:000011e0 00000030H .text$s                 CODE
 0001:00001210 00000023H .text$x                 CODE
 0002:00000000 00000120H .idata$5                DATA
 0002:00000120 00000180H .00cfg                  DATA
 0002:000002a0 00000030H .gfids                  DATA
 0002:000002d0 00000000H .gfids$y                DATA
 0002:000002d0 000001b0H .rdata                  DATA
 0002:00000480 00000000H .rdata$CastGuardVftablesA DATA
 0002:00000480 00000000H .rdata$CastGuardVftablesC DATA
 0002:00000480 00000288H .rdata$zzzdbg           DATA
 0002:00000708 000001a8H .xdata                  DATA
 0003:00000000 00000040H .data                   DATA
 0003:00000040 00000504H .bss                    DATA
 0004:00000000 000001e0H .pdata                  DATA
 0005:00000000 00000390H PAGE                    CODE
 0005:00000390 00000000H PAGE$s                  CODE
 0005:00000390 00000046H PAGE$x                  CODE
 0006:00000000 00000490H INIT                    CODE
 0006:00000490 000000c0H INIT$s                  CODE
 0006:00000550 00000058H INIT$x                  CODE
 0006:000005a8 00000028H .idata$2                CODE
 0006:000005d0 00000018H .idata$3                CODE
 0006:000005e8 00000118H .idata$4                CODE
 0006:00000700 00000326H .idata$6                CODE
 0007:00000000 00000180H INIT                    DATA
 0008:00000000 000000b0H .rsrc$01                DATA
 0008:000000b0 000003a8H .rsrc$02                DATA

  Address         Publics by Value              Rva+Base               Lib:Object

 0000:00000000       __AbsoluteZero             0000000000000000     <absolute>
 0000:00000000       ___safe_se_handler_count   0000000000000000     <absolute>
 0000:00000000       ___safe_se_handler_table   0000000000000000     <absolute>
 0000:00000000       __arm64x_extra_rfe_table   0000000000000000     <absolute>
 0000:00000000       __arm64x_extra_rfe_table_size 0000000000000000     <absolute>
 0000:00000000       __arm64x_native_entrypoint 0000000000000000     <absolute>
 0000:00000000       __arm64x_redirection_metadata 0000000000000000     <absolute>
 0000:00000000       __arm64x_redirection_metadata_count 0000000000000000     <absolute>
 0000:00000000       __dynamic_value_reloc_table 0000000000000000     <absolute>
 0000:00000000       __enclave_config           0000000000000000     <absolute>
 0000:00000000       __guard_check_icall_a64n_fptr 0000000000000000     <absolute>
 0000:00000000       __guard_eh_cont_count      0000000000000000     <absolute>
 0000:00000000       __guard_eh_cont_table      0000000000000000     <absolute>
 0000:00000000       __guard_iat_count          0000000000000000     <absolute>
 0000:00000000       __guard_iat_table          0000000000000000     <absolute>
 0000:00000000       __guard_longjmp_count      0000000000000000     <absolute>
 0000:00000000       __guard_longjmp_table      0000000000000000     <absolute>
 0000:00000000       __hybrid_auxiliary_delayload_iat 0000000000000000     <absolute>
 0000:00000000       __hybrid_auxiliary_delayload_iat_copy 0000000000000000     <absolute>
 0000:00000000       __hybrid_auxiliary_iat     0000000000000000     <absolute>
 0000:00000000       __hybrid_auxiliary_iat_copy 0000000000000000     <absolute>
 0000:00000000       __hybrid_code_map          0000000000000000     <absolute>
 0000:00000000       __hybrid_code_map_count    0000000000000000     <absolute>
 0000:00000000       __hybrid_image_info_bitfield 0000000000000000     <absolute>
 0000:00000000       __volatile_metadata        0000000000000000     <absolute>
 0000:00000000       __x64_code_ranges_to_entry_points 0000000000000000     <absolute>
 0000:00000000       __x64_code_ranges_to_entry_points_count 0000000000000000     <absolute>
 0000:0000000c       __guard_fids_count         000000000000000c     <absolute>
 0000:00014500       __guard_flags              0000000000014500     <absolute>
 0001:00000000       InitializeListHead         0000000140001000 f i minispy.obj
 0001:00000080       SpyDeleteTxfContext        0000000140001080 f   minispy.obj
 0001:00000100       SpyEnlistInTransaction     0000000140001100 f   minispy.obj
 0001:00000420       SpyExceptionFilter         0000000140001420 f   minispy.obj
 0001:00000470       SpyKtmNotificationCallback 0000000140001470 f   minispy.obj
 0001:000004c0       SpyPostOperationCallback   00000001400014c0 f   minispy.obj
 0001:00000650       SpyPreOperationCallback    0000000140001650 f   minispy.obj
 0001:000006b0       FatalListEntryError        00000001400016b0 f i mspyLib.obj
 0001:000006e0       InsertHeadList             00000001400016e0 f i mspyLib.obj
 0001:00000770       InsertTailList             0000000140001770 f i mspyLib.obj
 0001:00000800       IsListEmpty                0000000140001800 f i mspyLib.obj
 0001:00000830       RemoveHeadList             0000000140001830 f i mspyLib.obj
 0001:000008c0       RtlFailFast                00000001400018c0 f i mspyLib.obj
 0001:000008d0       RtlpCheckListEntry         00000001400018d0 f i mspyLib.obj
 0001:00000930       SpyAllocateBuffer          0000000140001930 f   mspyLib.obj
 0001:000009b0       SpyEmptyOutputBufferList   00000001400019b0 f   mspyLib.obj
 0001:00000a40       SpyFreeBuffer              0000000140001a40 f   mspyLib.obj
 0001:00000a70       SpyFreeRecord              0000000140001a70 f   mspyLib.obj
 0001:00000ae0       SpyGetLog                  0000000140001ae0 f   mspyLib.obj
 0001:00000d50       SpyLog                     0000000140001d50 f   mspyLib.obj
 0001:00000da0       SpyLogPostOperationData    0000000140001da0 f   mspyLib.obj
 0001:00000e00       SpyLogTransactionNotify    0000000140001e00 f   mspyLib.obj
 0001:00000ee0       SpyNewRecord               0000000140001ee0 f   mspyLib.obj
 0001:00000f90       TxNotificationToMinorCode  0000000140001f90 f   mspyLib.obj
 0001:00001050       _guard_check_icall_nop     0000000140002050 f i BufferOverflowFastFailK:guard_check.obj
 0001:00001060       __report_gsfailure         0000000140002060 f   BufferOverflowFastFailK:gs_report.obj
 0001:00001067       DbgPrint                   0000000140002067 f   ntoskrnl:ntoskrnl.exe
 0001:0000106d       __C_specific_handler       000000014000206d f   ntoskrnl:ntoskrnl.exe
 0001:00001074       __GSHandlerCheck           0000000140002074 f   ntoskrnl:gshandler.obj
 0001:00001094       __GSHandlerCheckCommon     0000000140002094 f   ntoskrnl:gshandler.obj
 0001:00001100       FltRegisterFilter          0000000140002100 f   fltMgr:FLTMGR.SYS
 0001:00001106       FltUnregisterFilter        0000000140002106 f   fltMgr:FLTMGR.SYS
 0001:0000110c       FltStartFiltering          000000014000210c f   fltMgr:FLTMGR.SYS
 0001:00001112       FltGetRoutineAddress       0000000140002112 f   fltMgr:FLTMGR.SYS
 0001:00001118       FltAllocateContext         0000000140002118 f   fltMgr:FLTMGR.SYS
 0001:0000111e       FltDeleteContext           000000014000211e f   fltMgr:FLTMGR.SYS
 0001:00001124       FltReleaseContext          0000000140002124 f   fltMgr:FLTMGR.SYS
 0001:0000112a       FltGetFileSystemType       000000014000212a f   fltMgr:FLTMGR.SYS
 0001:00001130       FltCreateCommunicationPort 0000000140002130 f   fltMgr:FLTMGR.SYS
 0001:00001136       FltCloseCommunicationPort  0000000140002136 f   fltMgr:FLTMGR.SYS
 0001:0000113c       FltCloseClientPort         000000014000213c f   fltMgr:FLTMGR.SYS
 0001:00001142       FltBuildDefaultSecurityDescriptor 0000000140002142 f   fltMgr:FLTMGR.SYS
 0001:00001148       FltFreeSecurityDescriptor  0000000140002148 f   fltMgr:FLTMGR.SYS
 0001:0000114e       FltGetDeviceObject         000000014000214e f   fltMgr:FLTMGR.SYS
 0001:00001170       __security_check_cookie    0000000140002170 f   BufferOverflowFastFailK:amdsecgs.obj
 0001:000011a0       _guard_dispatch_icall_nop  00000001400021a0 f   BufferOverflowFastFailK:guard_dispatch.obj
 0001:000011c0       _guard_xfg_dispatch_icall_nop 00000001400021c0 f   BufferOverflowFastFailK:guard_xfg_dispatch.obj
 0001:000011e0       ??_C@_0CL@ILODKMEK@NPFS?5operation?5detected?3?5MajorF@FNODOBFM@ 00000001400021e0     minispy.obj
 0002:00000000       __imp_FltGetDeviceObject   0000000140003000     fltMgr:FLTMGR.SYS
 0002:00000008       __imp_FltFreeSecurityDescriptor 0000000140003008     fltMgr:FLTMGR.SYS
 0002:00000010       __imp_FltBuildDefaultSecurityDescriptor 0000000140003010     fltMgr:FLTMGR.SYS
 0002:00000018       __imp_FltCloseClientPort   0000000140003018     fltMgr:FLTMGR.SYS
 0002:00000020       __imp_FltCloseCommunicationPort 0000000140003020     fltMgr:FLTMGR.SYS
 0002:00000028       __imp_FltCreateCommunicationPort 0000000140003028     fltMgr:FLTMGR.SYS
 0002:00000030       __imp_FltGetFileSystemType 0000000140003030     fltMgr:FLTMGR.SYS
 0002:00000038       __imp_FltReleaseContext    0000000140003038     fltMgr:FLTMGR.SYS
 0002:00000040       __imp_FltDeleteContext     0000000140003040     fltMgr:FLTMGR.SYS
 0002:00000048       __imp_FltAllocateContext   0000000140003048     fltMgr:FLTMGR.SYS
 0002:00000050       __imp_FltGetRoutineAddress 0000000140003050     fltMgr:FLTMGR.SYS
 0002:00000058       __imp_FltStartFiltering    0000000140003058     fltMgr:FLTMGR.SYS
 0002:00000060       __imp_FltUnregisterFilter  0000000140003060     fltMgr:FLTMGR.SYS
 0002:00000068       __imp_FltRegisterFilter    0000000140003068     fltMgr:FLTMGR.SYS
 0002:00000070       \177FLTMGR_NULL_THUNK_DATA 0000000140003070     fltMgr:FLTMGR.SYS
 0002:00000078       __imp_ZwOpenKey            0000000140003078     ntoskrnl:ntoskrnl.exe
 0002:00000080       __imp_ZwQueryValueKey      0000000140003080     ntoskrnl:ntoskrnl.exe
 0002:00000088       __imp_ZwClose              0000000140003088     ntoskrnl:ntoskrnl.exe
 0002:00000090       __imp_PsGetCurrentThreadId 0000000140003090     ntoskrnl:ntoskrnl.exe
 0002:00000098       __imp_ObfDereferenceObject 0000000140003098     ntoskrnl:ntoskrnl.exe
 0002:000000a0       __imp_ExFreeToNPagedLookasideList 00000001400030a0     ntoskrnl:ntoskrnl.exe
 0002:000000a8       __imp_ExAllocateFromNPagedLookasideList 00000001400030a8     ntoskrnl:ntoskrnl.exe
 0002:000000b0       __imp_KeReleaseSpinLock    00000001400030b0     ntoskrnl:ntoskrnl.exe
 0002:000000b8       __imp_KeAcquireSpinLockRaiseToDpc 00000001400030b8     ntoskrnl:ntoskrnl.exe
 0002:000000c0       __imp___C_specific_handler 00000001400030c0     ntoskrnl:ntoskrnl.exe
 0002:000000c8       __imp_FsRtlIsNtstatusExpected 00000001400030c8     ntoskrnl:ntoskrnl.exe
 0002:000000d0       __imp_IoIs32bitProcess     00000001400030d0     ntoskrnl:ntoskrnl.exe
 0002:000000d8       __imp_ExDeleteNPagedLookasideList 00000001400030d8     ntoskrnl:ntoskrnl.exe
 0002:000000e0       __imp_ExInitializeNPagedLookasideList 00000001400030e0     ntoskrnl:ntoskrnl.exe
 0002:000000e8       __imp_KeInitializeSpinLock 00000001400030e8     ntoskrnl:ntoskrnl.exe
 0002:000000f0       __imp_KeGetCurrentIrql     00000001400030f0     ntoskrnl:ntoskrnl.exe
 0002:000000f8       __imp_DbgPrint             00000001400030f8     ntoskrnl:ntoskrnl.exe
 0002:00000100       __imp_PsGetCurrentProcessId 0000000140003100     ntoskrnl:ntoskrnl.exe
 0002:00000108       __imp_RtlInitUnicodeString 0000000140003108     ntoskrnl:ntoskrnl.exe
 0002:00000110       \177ntoskrnl_NULL_THUNK_DATA 0000000140003110     ntoskrnl:ntoskrnl.exe
 0002:00000120       __guard_check_icall_fptr   0000000140003120     BufferOverflowFastFailK:guard_support.obj
 0002:00000128       __guard_dispatch_icall_fptr 0000000140003128     BufferOverflowFastFailK:guard_support.obj
 0002:00000130       __guard_xfg_check_icall_fptr 0000000140003130     BufferOverflowFastFailK:guard_support.obj
 0002:00000138       __guard_xfg_dispatch_icall_fptr 0000000140003138     BufferOverflowFastFailK:guard_support.obj
 0002:00000140       __guard_xfg_table_dispatch_icall_fptr 0000000140003140     BufferOverflowFastFailK:guard_support.obj
 0002:00000148       __castguard_check_failure_os_handled_fptr 0000000140003148     BufferOverflowFastFailK:guard_support.obj
 0002:00000150       __uma_functions            0000000140003150     BufferOverflowFastFailK:loadcfg.obj
 0002:000002a0       __guard_fids_table         00000001400032a0     <linker-defined>
 0002:000002d0       _load_config_used          00000001400032d0     BufferOverflowFastFailK:loadcfg.obj
 0003:00000010       __security_cookie          0000000140004010     BufferOverflowFastFailK:gs_support.obj
 0003:00000018       __security_cookie_complement 0000000140004018     BufferOverflowFastFailK:gs_support.obj
 0003:00000040       MiniSpyData                0000000140004040     minispy.obj
 0003:00000540       StatusToBreakOn            0000000140004540     minispy.obj
 0005:00000000       SpyConnect                 0000000140006000 f   minispy.obj
 0005:000000a0       SpyDisconnect              00000001400060a0 f   minispy.obj
 0005:00000100       SpyFilterUnload            0000000140006100 f   minispy.obj
 0005:00000180       SpyMessage                 0000000140006180 f   minispy.obj
 0005:00000340       SpyQueryTeardown           0000000140006340 f   minispy.obj
 0006:00000000       DriverEntry                0000000140007000 f   minispy.obj
 0006:00000240       SpyReadDriverParameters    0000000140007240 f   mspyLib.obj
 0006:00000430       GsDriverEntry              0000000140007430 f   BufferOverflowFastFailK:gs_driverentry.obj
 0006:0000045c       __security_init_cookie     000000014000745c f   BufferOverflowFastFailK:gs_support.obj
 0006:00000490       ??_C@_0BJ@PEGHOHFM@FltSetTransactionContext@PBOPGDP@ 0000000140007490     minispy.obj
 0006:000004b0       ??_C@_0BJ@BDBDOBN@FltGetTransactionContext@PBOPGDP@ 00000001400074b0     minispy.obj
 0006:000004d0       ??_C@_0BH@NBIOBFIH@FltEnlistInTransaction@PBOPGDP@ 00000001400074d0     minispy.obj
 0006:000004f0       ??_C@_1BK@DICPLIGM@?$AA?2?$AAM?$AAi?$AAn?$AAi?$AAS?$AAp?$AAy?$AAP?$AAo?$AAr?$AAt@PBOPGDP@ 00000001400074f0     minispy.obj
 0006:00000510       ??_C@_1BG@MHDFHEJC@?$AAM?$AAa?$AAx?$AAR?$AAe?$AAc?$AAo?$AAr?$AAd?$AAs@PBOPGDP@ 0000000140007510     mspyLib.obj
 0006:00000530       ??_C@_1CA@GONDOMMD@?$AAN?$AAa?$AAm?$AAe?$AAQ?$AAu?$AAe?$AAr?$AAy?$AAM?$AAe?$AAt?$AAh?$AAo?$AAd@PBOPGDP@ 0000000140007530     mspyLib.obj
 0006:000005a8       __IMPORT_DESCRIPTOR_ntoskrnl 00000001400075a8     ntoskrnl:ntoskrnl.exe
 0006:000005bc       __IMPORT_DESCRIPTOR_FLTMGR 00000001400075bc     fltMgr:FLTMGR.SYS
 0006:000005d0       __NULL_IMPORT_DESCRIPTOR   00000001400075d0     ntoskrnl:ntoskrnl.exe
 0007:00000000       Contexts                   0000000140008000     RegistrationData.obj
 0007:00000070       FilterRegistration         0000000140008070     RegistrationData.obj
 0007:000000e0       Callbacks                  00000001400080e0     RegistrationData.obj

 entry point at        0006:00000430

 Static symbols

 0002:ffffd000       __guard_fids__             0000000140000000     RegistrationData.obj
 0002:ffffd000       __guard_fids_DriverEntry   0000000140000000     minispy.obj
 0002:ffffd000       __guard_fids__             0000000140000000     BufferOverflowFastFailK:guard_support.obj
 0002:ffffd000       __guard_fids__             0000000140000000     BufferOverflowFastFailK:guard_support.obj
 0002:ffffd000       __guard_fids__guard_icall_checks_enforced 0000000140000000     BufferOverflowFastFailK:guard_support.obj
 0000:ffff5000       .debug$S                   0000000140000000     fltMgr:FLTMGR.SYS
 0000:ffff5000       .debug$S                   0000000140000000     fltMgr:FLTMGR.SYS
 0000:ffff5000       .debug$S                   0000000140000000     fltMgr:FLTMGR.SYS
 0000:ffff5000       .debug$S                   0000000140000000     fltMgr:FLTMGR.SYS
 0000:ffff5000       .debug$S                   0000000140000000     fltMgr:FLTMGR.SYS
 0000:ffff5000       .debug$S                   0000000140000000     fltMgr:FLTMGR.SYS
 0000:ffff5000       .debug$S                   0000000140000000     fltMgr:FLTMGR.SYS
 0000:ffff5000       .debug$S                   0000000140000000     fltMgr:FLTMGR.SYS
 0000:ffff5000       .debug$S                   0000000140000000     fltMgr:FLTMGR.SYS
 0000:ffff5000       .debug$S                   0000000140000000     fltMgr:FLTMGR.SYS
 0000:ffff5000       .debug$S                   0000000140000000     fltMgr:FLTMGR.SYS
 0000:ffff5000       .debug$S                   0000000140000000     fltMgr:FLTMGR.SYS
 0000:ffff5000       .debug$S                   0000000140000000     fltMgr:FLTMGR.SYS
 0000:ffff5000       .debug$S                   0000000140000000     fltMgr:FLTMGR.SYS
 0000:ffff5000       .debug$S                   0000000140000000     fltMgr:FLTMGR.SYS
 0000:ffff5000       .debug$S                   0000000140000000     fltMgr:FLTMGR.SYS
 0000:ffff5000       .debug$S                   0000000140000000     fltMgr:FLTMGR.SYS
 0000:ffff5000       .debug$S                   0000000140000000     ntoskrnl:ntoskrnl.exe
 0000:ffff5000       .debug$S                   0000000140000000     ntoskrnl:ntoskrnl.exe
 0000:ffff5000       .debug$S                   0000000140000000     ntoskrnl:ntoskrnl.exe
 0000:ffff5000       .debug$S                   0000000140000000     ntoskrnl:ntoskrnl.exe
 0000:ffff5000       .debug$S                   0000000140000000     ntoskrnl:ntoskrnl.exe
 0000:ffff5000       .debug$S                   0000000140000000     ntoskrnl:ntoskrnl.exe
 0000:ffff5000       .debug$S                   0000000140000000     ntoskrnl:ntoskrnl.exe
 0000:ffff5000       .debug$S                   0000000140000000     ntoskrnl:ntoskrnl.exe
 0000:ffff5000       .debug$S                   0000000140000000     ntoskrnl:ntoskrnl.exe
 0000:ffff5000       .debug$S                   0000000140000000     ntoskrnl:ntoskrnl.exe
 0000:ffff5000       .debug$S                   0000000140000000     ntoskrnl:ntoskrnl.exe
 0000:ffff5000       .debug$S                   0000000140000000     ntoskrnl:ntoskrnl.exe
 0000:ffff5000       .debug$S                   0000000140000000     ntoskrnl:ntoskrnl.exe
 0000:ffff5000       .debug$S                   0000000140000000     ntoskrnl:ntoskrnl.exe
 0000:ffff5000       .debug$S                   0000000140000000     ntoskrnl:ntoskrnl.exe
 0000:ffff5000       .debug$S                   0000000140000000     ntoskrnl:ntoskrnl.exe
 0000:ffff5000       .debug$S                   0000000140000000     ntoskrnl:ntoskrnl.exe
 0000:ffff5000       .debug$S                   0000000140000000     ntoskrnl:ntoskrnl.exe
 0000:ffff5000       .debug$S                   0000000140000000     ntoskrnl:ntoskrnl.exe
 0000:ffff5000       .debug$S                   0000000140000000     ntoskrnl:ntoskrnl.exe
 0000:ffff5000       .debug$S                   0000000140000000     ntoskrnl:ntoskrnl.exe
 0000:ffff5000       .debug$S                   0000000140000000     ntoskrnl:ntoskrnl.exe
 0000:ffff5000       .debug$S                   0000000140000000     ntoskrnl:ntoskrnl.exe
 0000:ffff5000       .debug$S                   0000000140000000     ntoskrnl:ntoskrnl.exe
 0002:ffffd00c       __guard_fids__             000000014000000c     RegistrationData.obj
 0002:ffffd02c       __guard_fids__             000000014000002c     RegistrationData.obj
 0001:00000030       IsNpfsVolume               0000000140001030 f   minispy.obj
 0001:00001160       $$000000                   0000000140002160     BufferOverflowFastFailK:amdsecgs.obj
 0001:000011a0       $$000000                   00000001400021a0     BufferOverflowFastFailK:guard_dispatch.obj
 0001:000011c0       $$000000                   00000001400021c0     BufferOverflowFastFailK:guard_xfg_dispatch.obj
 0001:00001210       SpyGetLog$filt$0           0000000140002210 f   mspyLib.obj
 0002:00000708       $unwind$SpyPreOperationCallback 0000000140003708     minispy.obj
 0002:00000708       $unwind$FatalListEntryError 0000000140003708     mspyLib.obj
 0002:00000714       $unwind$SpyPostOperationCallback 0000000140003714     minispy.obj
 0002:00000724       $unwind$SpyKtmNotificationCallback 0000000140003724     minispy.obj
 0002:00000730       $unwind$SpyFilterUnload    0000000140003730     minispy.obj
 0002:0000073c       $unwind$SpyExceptionFilter 000000014000373c     minispy.obj
 0002:0000073c       $unwind$SpyQueryTeardown   000000014000373c     minispy.obj
 0002:00000748       $unwind$SpyDeleteTxfContext 0000000140003748     minispy.obj
 0002:00000748       $unwind$SpyLogPostOperationData 0000000140003748     mspyLib.obj
 0002:00000754       $unwind$DriverEntry        0000000140003754     minispy.obj
 0002:00000778       $unwind$DriverEntry$fin$0  0000000140003778     minispy.obj
 0002:00000784       $unwind$SpyMessage         0000000140003784     minispy.obj
 0002:000007b8       $unwind$SpyMessage$filt$0  00000001400037b8     minispy.obj
 0002:000007b8       $unwind$SpyMessage$filt$1  00000001400037b8     minispy.obj
 0002:000007b8       $unwind$SpyGetLog$filt$0   00000001400037b8     mspyLib.obj
 0002:000007c4       $unwind$SpyConnect         00000001400037c4     minispy.obj
 0002:000007d0       $unwind$IsNpfsVolume       00000001400037d0     minispy.obj
 0002:000007d0       $unwind$SpyDisconnect      00000001400037d0     minispy.obj
 0002:000007d0       $unwind$RemoveHeadList     00000001400037d0     mspyLib.obj
 0002:000007d0       $unwind$SpyAllocateBuffer  00000001400037d0     mspyLib.obj
 0002:000007d0       $unwind$SpyFreeRecord      00000001400037d0     mspyLib.obj
 0002:000007d0       $unwind$SpyLog             00000001400037d0     mspyLib.obj
 0002:000007dc       $unwind$SpyEnlistInTransaction 00000001400037dc     minispy.obj
 0002:000007ec       $unwind$IsListEmpty        00000001400037ec     mspyLib.obj
 0002:000007f8       $unwind$RtlpCheckListEntry 00000001400037f8     mspyLib.obj
 0002:000007f8       $unwind$SpyFreeBuffer      00000001400037f8     mspyLib.obj
 0002:00000804       $unwind$InsertHeadList     0000000140003804     mspyLib.obj
 0002:00000804       $unwind$InsertTailList     0000000140003804     mspyLib.obj
 0002:00000810       $unwind$SpyReadDriverParameters 0000000140003810     mspyLib.obj
 0002:00000824       $unwind$SpyNewRecord       0000000140003824     mspyLib.obj
 0002:00000830       $unwind$SpyLogTransactionNotify 0000000140003830     mspyLib.obj
 0002:0000083c       $unwind$SpyGetLog          000000014000383c     mspyLib.obj
 0002:00000864       $unwind$SpyEmptyOutputBufferList 0000000140003864     mspyLib.obj
 0002:00000870       $unwind$TxNotificationToMinorCode 0000000140003870     mspyLib.obj
 0002:0000087c       $unwind$GsDriverEntry      000000014000387c     BufferOverflowFastFailK:gs_driverentry.obj
 0002:00000890       $xdatasym                  0000000140003890     BufferOverflowFastFailK:amdsecgs.obj
 0002:00000898       $xdatasym$_guard_dispatch_icall_nop 0000000140003898     BufferOverflowFastFailK:guard_dispatch.obj
 0002:00000898       $xdatasym$_guard_xfg_dispatch_icall_nop 0000000140003898     BufferOverflowFastFailK:guard_xfg_dispatch.obj
 0002:000008a0       $unwind$__GSHandlerCheck   00000001400038a0     ntoskrnl:gshandler.obj
 0002:000008a0       $unwind$__GSHandlerCheckCommon 00000001400038a0     ntoskrnl:gshandler.obj
 0003:00000000       ?Sequence@?1??SpyEnlistInTransaction@@9@9 0000000140004000     minispy.obj
 0005:00000390       SpyMessage$filt$0          0000000140006390 f   minispy.obj
 0005:000003b3       SpyMessage$filt$1          00000001400063b3 f   minispy.obj
 0006:00000550       DriverEntry$fin$0          0000000140007550 f   minispy.obj
 0006:000008ba       .idata$6                   00000001400078ba     ntoskrnl:ntoskrnl.exe
 0006:00000a1a       .idata$6                   0000000140007a1a     fltMgr:FLTMGR.SYS
 0008:000000b0       $R000000                   00000001400090b0     minispy.res
 0008:000000e8       $R000038                   00000001400090e8     minispy.res
