 minispy

 Timestamp is 68d4b7d6 (Thu Sep 25 12:32:38 2025)

 Preferred load address is 0000000140000000

 Start         Length     Name                   Class
 0001:00000000 00001320H .text$mn                CODE
 0001:00001320 00000070H .text$mn$00             CODE
 0001:00001390 00000010H .text$mn$21             CODE
 0001:000013a0 00000100H .text$s                 CODE
 0001:000014a0 00000043H .text$x                 CODE
 0002:00000000 00000150H .idata$5                DATA
 0002:00000150 00000180H .00cfg                  DATA
 0002:000002d0 00000040H .gfids                  DATA
 0002:00000304 00000000H .gfids$y                DATA
 0002:00000310 000001f0H .rdata                  DATA
 0002:00000500 00000000H .rdata$CastGuardVftablesA DATA
 0002:00000500 00000000H .rdata$CastGuardVftablesC DATA
 0002:00000500 00000288H .rdata$zzzdbg           DATA
 0002:00000788 000001e0H .xdata                  DATA
 0003:00000000 00000040H .data                   DATA
 0003:00000040 00000504H .bss                    DATA
 0004:00000000 00000228H .pdata                  DATA
 0005:00000000 00000390H PAGE                    CODE
 0005:00000390 00000000H PAGE$s                  CODE
 0005:00000390 00000046H PAGE$x                  CODE
 0006:00000000 00000490H INIT                    CODE
 0006:00000490 000000c0H INIT$s                  CODE
 0006:00000550 00000058H INIT$x                  CODE
 0006:000005a8 00000028H .idata$2                CODE
 0006:000005d0 00000018H .idata$3                CODE
 0006:000005e8 00000150H .idata$4                CODE
 0006:00000738 000003daH .idata$6                CODE
 0007:00000000 00000180H INIT                    DATA
 0008:00000000 000000b0H .rsrc$01                DATA
 0008:000000b0 000003a8H .rsrc$02                DATA

  Address         Publics by Value              Rva+Base               Lib:Object

 0000:00000000       __AbsoluteZero             0000000000000000     <absolute>
 0000:00000000       ___safe_se_handler_count   0000000000000000     <absolute>
 0000:00000000       ___safe_se_handler_table   0000000000000000     <absolute>
 0000:00000000       __arm64x_extra_rfe_table   0000000000000000     <absolute>
 0000:00000000       __arm64x_extra_rfe_table_size 0000000000000000     <absolute>
 0000:00000000       __arm64x_native_entrypoint 0000000000000000     <absolute>
 0000:00000000       __arm64x_redirection_metadata 0000000000000000     <absolute>
 0000:00000000       __arm64x_redirection_metadata_count 0000000000000000     <absolute>
 0000:00000000       __dynamic_value_reloc_table 0000000000000000     <absolute>
 0000:00000000       __enclave_config           0000000000000000     <absolute>
 0000:00000000       __guard_check_icall_a64n_fptr 0000000000000000     <absolute>
 0000:00000000       __guard_eh_cont_count      0000000000000000     <absolute>
 0000:00000000       __guard_eh_cont_table      0000000000000000     <absolute>
 0000:00000000       __guard_iat_count          0000000000000000     <absolute>
 0000:00000000       __guard_iat_table          0000000000000000     <absolute>
 0000:00000000       __guard_longjmp_count      0000000000000000     <absolute>
 0000:00000000       __guard_longjmp_table      0000000000000000     <absolute>
 0000:00000000       __hybrid_auxiliary_delayload_iat 0000000000000000     <absolute>
 0000:00000000       __hybrid_auxiliary_delayload_iat_copy 0000000000000000     <absolute>
 0000:00000000       __hybrid_auxiliary_iat     0000000000000000     <absolute>
 0000:00000000       __hybrid_auxiliary_iat_copy 0000000000000000     <absolute>
 0000:00000000       __hybrid_code_map          0000000000000000     <absolute>
 0000:00000000       __hybrid_code_map_count    0000000000000000     <absolute>
 0000:00000000       __hybrid_image_info_bitfield 0000000000000000     <absolute>
 0000:00000000       __volatile_metadata        0000000000000000     <absolute>
 0000:00000000       __x64_code_ranges_to_entry_points 0000000000000000     <absolute>
 0000:00000000       __x64_code_ranges_to_entry_points_count 0000000000000000     <absolute>
 0000:0000000d       __guard_fids_count         000000000000000d     <absolute>
 0000:00014500       __guard_flags              0000000000014500     <absolute>
 0001:00000000       AcquireWriteView           0000000140001000 f i minispy.obj
 0001:000002b0       InitializeListHead         00000001400012b0 f i minispy.obj
 0001:00000400       MmGetSystemAddressForMdlSafe 0000000140001400 f i minispy.obj
 0001:000005d0       ReleaseBufView             00000001400015d0 f i minispy.obj
 0001:00000630       SpyDeleteTxfContext        0000000140001630 f   minispy.obj
 0001:000006b0       SpyExceptionFilter         00000001400016b0 f   minispy.obj
 0001:00000700       SpyKtmNotificationCallback 0000000140001700 f   minispy.obj
 0001:00000750       SpyPostOperationCallback   0000000140001750 f   minispy.obj
 0001:000007e0       SpyPreOperationCallback    00000001400017e0 f   minispy.obj
 0001:000008c0       FatalListEntryError        00000001400018c0 f i mspyLib.obj
 0001:000008f0       InsertHeadList             00000001400018f0 f i mspyLib.obj
 0001:00000980       InsertTailList             0000000140001980 f i mspyLib.obj
 0001:00000a10       IsListEmpty                0000000140001a10 f i mspyLib.obj
 0001:00000a40       RemoveHeadList             0000000140001a40 f i mspyLib.obj
 0001:00000ad0       RtlFailFast                0000000140001ad0 f i mspyLib.obj
 0001:00000ae0       RtlpCheckListEntry         0000000140001ae0 f i mspyLib.obj
 0001:00000b40       SpyAllocateBuffer          0000000140001b40 f   mspyLib.obj
 0001:00000bc0       SpyEmptyOutputBufferList   0000000140001bc0 f   mspyLib.obj
 0001:00000c50       SpyFreeBuffer              0000000140001c50 f   mspyLib.obj
 0001:00000c80       SpyFreeRecord              0000000140001c80 f   mspyLib.obj
 0001:00000cf0       SpyGetLog                  0000000140001cf0 f   mspyLib.obj
 0001:00000f60       SpyLog                     0000000140001f60 f   mspyLib.obj
 0001:00000fb0       SpyLogTransactionNotify    0000000140001fb0 f   mspyLib.obj
 0001:00001090       SpyNewRecord               0000000140002090 f   mspyLib.obj
 0001:00001140       TxNotificationToMinorCode  0000000140002140 f   mspyLib.obj
 0001:00001200       __report_gsfailure         0000000140002200 f   BufferOverflowFastFailK:gs_report.obj
 0001:00001208       __report_rangecheckfailure 0000000140002208 f   BufferOverflowFastFailK:gs_report.obj
 0001:00001210       _guard_check_icall_nop     0000000140002210 f i BufferOverflowFastFailK:guard_check.obj
 0001:00001220       _stricmp                   0000000140002220 f   ntoskrnl:ntoskrnl.exe
 0001:00001226       DbgPrint                   0000000140002226 f   ntoskrnl:ntoskrnl.exe
 0001:0000122c       __C_specific_handler       000000014000222c f   ntoskrnl:ntoskrnl.exe
 0001:00001234       __GSHandlerCheck           0000000140002234 f   ntoskrnl:gshandler.obj
 0001:00001254       __GSHandlerCheckCommon     0000000140002254 f   ntoskrnl:gshandler.obj
 0001:000012c0       FltDoCompletionProcessingWhenSafe 00000001400022c0 f   fltMgr:FLTMGR.SYS
 0001:000012c6       FltRegisterFilter          00000001400022c6 f   fltMgr:FLTMGR.SYS
 0001:000012cc       FltUnregisterFilter        00000001400022cc f   fltMgr:FLTMGR.SYS
 0001:000012d2       FltStartFiltering          00000001400022d2 f   fltMgr:FLTMGR.SYS
 0001:000012d8       FltGetRoutineAddress       00000001400022d8 f   fltMgr:FLTMGR.SYS
 0001:000012de       FltGetFileSystemType       00000001400022de f   fltMgr:FLTMGR.SYS
 0001:000012e4       FltCreateCommunicationPort 00000001400022e4 f   fltMgr:FLTMGR.SYS
 0001:000012ea       FltCloseCommunicationPort  00000001400022ea f   fltMgr:FLTMGR.SYS
 0001:000012f0       FltCloseClientPort         00000001400022f0 f   fltMgr:FLTMGR.SYS
 0001:000012f6       FltBuildDefaultSecurityDescriptor 00000001400022f6 f   fltMgr:FLTMGR.SYS
 0001:000012fc       FltFreeSecurityDescriptor  00000001400022fc f   fltMgr:FLTMGR.SYS
 0001:00001302       FltLockUserBuffer          0000000140002302 f   fltMgr:FLTMGR.SYS
 0001:00001308       FltGetRequestorProcess     0000000140002308 f   fltMgr:FLTMGR.SYS
 0001:0000130e       FltGetRequestorProcessId   000000014000230e f   fltMgr:FLTMGR.SYS
 0001:00001314       FltGetDeviceObject         0000000140002314 f   fltMgr:FLTMGR.SYS
 0001:00001330       __security_check_cookie    0000000140002330 f   BufferOverflowFastFailK:amdsecgs.obj
 0001:00001360       _guard_dispatch_icall_nop  0000000140002360 f   BufferOverflowFastFailK:guard_dispatch.obj
 0001:00001380       _guard_xfg_dispatch_icall_nop 0000000140002380 f   BufferOverflowFastFailK:guard_xfg_dispatch.obj
 0001:000013a0       ??_C@_0BL@KBGMBJBL@?$FLNPFS?$FN?$FL?$CFs?$FN?5pid?$DN?$CFlu?5tid?$DN?$CFp?6@FNODOBFM@ 00000001400023a0     minispy.obj
 0001:000013c0       ??_C@_0BC@JKNMKKAO@?$FLNPFS?$FN?$FLASCII?$FN?5?$CFs?6@FNODOBFM@ 00000001400023c0     minispy.obj
 0001:000013e0       ??_C@_0L@LBCGPJBN@python?4exe@FNODOBFM@ 00000001400023e0     minispy.obj
 0001:000013f0       ??_C@_0BO@LLMOGLBB@?$FLIsPython?$FN?5Process?5Image?3?5?$CFs?6@FNODOBFM@ 00000001400023f0     minispy.obj
 0001:00001410       ??_C@_0P@FFCDDNIM@WRITE?5?$CIPostOp?$CJ@FNODOBFM@ 0000000140002410     minispy.obj
 0001:00001420       ??_C@_00CNPNBAHC@@FNODOBFM@ 0000000140002420     minispy.obj
 0001:00001430       ??_C@_09NOKDHAHF@?5?$CIno?9buf?$CJ@FNODOBFM@ 0000000140002430     minispy.obj
 0001:00001440       ??_C@_0CL@IAIKKMKF@?$FLNPFS?$FN?$FLWRITE?9POST?$FN?5pipename?$DN?$CFwZ@FNODOBFM@ 0000000140002440     minispy.obj
 0001:00001470       ??_C@_0CF@LKLPBEIO@?$FLNPFS?$FN?$FLSTR?$FN?5preview?$DN?$CFluB?5first?$DN@FNODOBFM@ 0000000140002470     minispy.obj
 0002:00000000       __imp_FltGetDeviceObject   0000000140003000     fltMgr:FLTMGR.SYS
 0002:00000008       __imp_FltGetRequestorProcessId 0000000140003008     fltMgr:FLTMGR.SYS
 0002:00000010       __imp_FltGetRequestorProcess 0000000140003010     fltMgr:FLTMGR.SYS
 0002:00000018       __imp_FltLockUserBuffer    0000000140003018     fltMgr:FLTMGR.SYS
 0002:00000020       __imp_FltFreeSecurityDescriptor 0000000140003020     fltMgr:FLTMGR.SYS
 0002:00000028       __imp_FltBuildDefaultSecurityDescriptor 0000000140003028     fltMgr:FLTMGR.SYS
 0002:00000030       __imp_FltCloseClientPort   0000000140003030     fltMgr:FLTMGR.SYS
 0002:00000038       __imp_FltCloseCommunicationPort 0000000140003038     fltMgr:FLTMGR.SYS
 0002:00000040       __imp_FltCreateCommunicationPort 0000000140003040     fltMgr:FLTMGR.SYS
 0002:00000048       __imp_FltGetFileSystemType 0000000140003048     fltMgr:FLTMGR.SYS
 0002:00000050       __imp_FltGetRoutineAddress 0000000140003050     fltMgr:FLTMGR.SYS
 0002:00000058       __imp_FltStartFiltering    0000000140003058     fltMgr:FLTMGR.SYS
 0002:00000060       __imp_FltUnregisterFilter  0000000140003060     fltMgr:FLTMGR.SYS
 0002:00000068       __imp_FltRegisterFilter    0000000140003068     fltMgr:FLTMGR.SYS
 0002:00000070       __imp_FltDoCompletionProcessingWhenSafe 0000000140003070     fltMgr:FLTMGR.SYS
 0002:00000078       \177FLTMGR_NULL_THUNK_DATA 0000000140003078     fltMgr:FLTMGR.SYS
 0002:00000080       __imp_ExFreeToNPagedLookasideList 0000000140003080     ntoskrnl:ntoskrnl.exe
 0002:00000088       __imp_ObfDereferenceObject 0000000140003088     ntoskrnl:ntoskrnl.exe
 0002:00000090       __imp_ZwClose              0000000140003090     ntoskrnl:ntoskrnl.exe
 0002:00000098       __imp_ExAllocateFromNPagedLookasideList 0000000140003098     ntoskrnl:ntoskrnl.exe
 0002:000000a0       __imp_ZwQueryValueKey      00000001400030a0     ntoskrnl:ntoskrnl.exe
 0002:000000a8       __imp_PsGetCurrentProcessId 00000001400030a8     ntoskrnl:ntoskrnl.exe
 0002:000000b0       __imp_KeReleaseSpinLock    00000001400030b0     ntoskrnl:ntoskrnl.exe
 0002:000000b8       __imp_KeAcquireSpinLockRaiseToDpc 00000001400030b8     ntoskrnl:ntoskrnl.exe
 0002:000000c0       __imp___C_specific_handler 00000001400030c0     ntoskrnl:ntoskrnl.exe
 0002:000000c8       __imp_PsGetProcessImageFileName 00000001400030c8     ntoskrnl:ntoskrnl.exe
 0002:000000d0       __imp_FsRtlIsNtstatusExpected 00000001400030d0     ntoskrnl:ntoskrnl.exe
 0002:000000d8       __imp_PsGetCurrentThreadId 00000001400030d8     ntoskrnl:ntoskrnl.exe
 0002:000000e0       __imp_IoIs32bitProcess     00000001400030e0     ntoskrnl:ntoskrnl.exe
 0002:000000e8       __imp_MmMapLockedPagesSpecifyCache 00000001400030e8     ntoskrnl:ntoskrnl.exe
 0002:000000f0       __imp_ProbeForRead         00000001400030f0     ntoskrnl:ntoskrnl.exe
 0002:000000f8       __imp_ExDeleteNPagedLookasideList 00000001400030f8     ntoskrnl:ntoskrnl.exe
 0002:00000100       __imp_ExInitializeNPagedLookasideList 0000000140003100     ntoskrnl:ntoskrnl.exe
 0002:00000108       __imp_ExFreePoolWithTag    0000000140003108     ntoskrnl:ntoskrnl.exe
 0002:00000110       __imp_ExAllocatePoolWithTag 0000000140003110     ntoskrnl:ntoskrnl.exe
 0002:00000118       __imp_KeInitializeSpinLock 0000000140003118     ntoskrnl:ntoskrnl.exe
 0002:00000120       __imp_KeGetCurrentIrql     0000000140003120     ntoskrnl:ntoskrnl.exe
 0002:00000128       __imp_DbgPrint             0000000140003128     ntoskrnl:ntoskrnl.exe
 0002:00000130       __imp_RtlInitUnicodeString 0000000140003130     ntoskrnl:ntoskrnl.exe
 0002:00000138       __imp_ZwOpenKey            0000000140003138     ntoskrnl:ntoskrnl.exe
 0002:00000140       __imp__stricmp             0000000140003140     ntoskrnl:ntoskrnl.exe
 0002:00000148       \177ntoskrnl_NULL_THUNK_DATA 0000000140003148     ntoskrnl:ntoskrnl.exe
 0002:00000150       __guard_check_icall_fptr   0000000140003150     BufferOverflowFastFailK:guard_support.obj
 0002:00000158       __guard_dispatch_icall_fptr 0000000140003158     BufferOverflowFastFailK:guard_support.obj
 0002:00000160       __guard_xfg_check_icall_fptr 0000000140003160     BufferOverflowFastFailK:guard_support.obj
 0002:00000168       __guard_xfg_dispatch_icall_fptr 0000000140003168     BufferOverflowFastFailK:guard_support.obj
 0002:00000170       __guard_xfg_table_dispatch_icall_fptr 0000000140003170     BufferOverflowFastFailK:guard_support.obj
 0002:00000178       __castguard_check_failure_os_handled_fptr 0000000140003178     BufferOverflowFastFailK:guard_support.obj
 0002:00000180       __uma_functions            0000000140003180     BufferOverflowFastFailK:loadcfg.obj
 0002:000002d0       __guard_fids_table         00000001400032d0     <linker-defined>
 0002:00000310       _load_config_used          0000000140003310     BufferOverflowFastFailK:loadcfg.obj
 0003:00000010       __security_cookie          0000000140004010     BufferOverflowFastFailK:gs_support.obj
 0003:00000018       __security_cookie_complement 0000000140004018     BufferOverflowFastFailK:gs_support.obj
 0003:00000040       MiniSpyData                0000000140004040     minispy.obj
 0003:00000540       StatusToBreakOn            0000000140004540     minispy.obj
 0005:00000000       SpyConnect                 0000000140006000 f   minispy.obj
 0005:000000a0       SpyDisconnect              00000001400060a0 f   minispy.obj
 0005:00000100       SpyFilterUnload            0000000140006100 f   minispy.obj
 0005:00000180       SpyMessage                 0000000140006180 f   minispy.obj
 0005:00000340       SpyQueryTeardown           0000000140006340 f   minispy.obj
 0006:00000000       DriverEntry                0000000140007000 f   minispy.obj
 0006:00000240       SpyReadDriverParameters    0000000140007240 f   mspyLib.obj
 0006:00000430       GsDriverEntry              0000000140007430 f   BufferOverflowFastFailK:gs_driverentry.obj
 0006:0000045c       __security_init_cookie     000000014000745c f   BufferOverflowFastFailK:gs_support.obj
 0006:00000490       ??_C@_0BJ@PEGHOHFM@FltSetTransactionContext@PBOPGDP@ 0000000140007490     minispy.obj
 0006:000004b0       ??_C@_0BJ@BDBDOBN@FltGetTransactionContext@PBOPGDP@ 00000001400074b0     minispy.obj
 0006:000004d0       ??_C@_0BH@NBIOBFIH@FltEnlistInTransaction@PBOPGDP@ 00000001400074d0     minispy.obj
 0006:000004f0       ??_C@_1BK@DICPLIGM@?$AA?2?$AAM?$AAi?$AAn?$AAi?$AAS?$AAp?$AAy?$AAP?$AAo?$AAr?$AAt@PBOPGDP@ 00000001400074f0     minispy.obj
 0006:00000510       ??_C@_1BG@MHDFHEJC@?$AAM?$AAa?$AAx?$AAR?$AAe?$AAc?$AAo?$AAr?$AAd?$AAs@PBOPGDP@ 0000000140007510     mspyLib.obj
 0006:00000530       ??_C@_1CA@GONDOMMD@?$AAN?$AAa?$AAm?$AAe?$AAQ?$AAu?$AAe?$AAr?$AAy?$AAM?$AAe?$AAt?$AAh?$AAo?$AAd@PBOPGDP@ 0000000140007530     mspyLib.obj
 0006:000005a8       __IMPORT_DESCRIPTOR_ntoskrnl 00000001400075a8     ntoskrnl:ntoskrnl.exe
 0006:000005bc       __IMPORT_DESCRIPTOR_FLTMGR 00000001400075bc     fltMgr:FLTMGR.SYS
 0006:000005d0       __NULL_IMPORT_DESCRIPTOR   00000001400075d0     ntoskrnl:ntoskrnl.exe
 0007:00000000       Contexts                   0000000140008000     RegistrationData.obj
 0007:00000070       FilterRegistration         0000000140008070     RegistrationData.obj
 0007:000000e0       Callbacks                  00000001400080e0     RegistrationData.obj

 entry point at        0006:00000430

 Static symbols

 0002:ffffd000       __guard_fids__             0000000140000000     RegistrationData.obj
 0002:ffffd000       __guard_fids_DriverEntry   0000000140000000     minispy.obj
 0002:ffffd000       __guard_fids_SpyPostOperationCallback 0000000140000000     minispy.obj
 0002:ffffd000       __guard_fids__             0000000140000000     BufferOverflowFastFailK:guard_support.obj
 0002:ffffd000       __guard_fids__             0000000140000000     BufferOverflowFastFailK:guard_support.obj
 0002:ffffd000       __guard_fids__guard_icall_checks_enforced 0000000140000000     BufferOverflowFastFailK:guard_support.obj
 0000:ffff5000       .debug$S                   0000000140000000     fltMgr:FLTMGR.SYS
 0000:ffff5000       .debug$S                   0000000140000000     fltMgr:FLTMGR.SYS
 0000:ffff5000       .debug$S                   0000000140000000     fltMgr:FLTMGR.SYS
 0000:ffff5000       .debug$S                   0000000140000000     fltMgr:FLTMGR.SYS
 0000:ffff5000       .debug$S                   0000000140000000     fltMgr:FLTMGR.SYS
 0000:ffff5000       .debug$S                   0000000140000000     fltMgr:FLTMGR.SYS
 0000:ffff5000       .debug$S                   0000000140000000     fltMgr:FLTMGR.SYS
 0000:ffff5000       .debug$S                   0000000140000000     fltMgr:FLTMGR.SYS
 0000:ffff5000       .debug$S                   0000000140000000     fltMgr:FLTMGR.SYS
 0000:ffff5000       .debug$S                   0000000140000000     fltMgr:FLTMGR.SYS
 0000:ffff5000       .debug$S                   0000000140000000     fltMgr:FLTMGR.SYS
 0000:ffff5000       .debug$S                   0000000140000000     fltMgr:FLTMGR.SYS
 0000:ffff5000       .debug$S                   0000000140000000     fltMgr:FLTMGR.SYS
 0000:ffff5000       .debug$S                   0000000140000000     fltMgr:FLTMGR.SYS
 0000:ffff5000       .debug$S                   0000000140000000     fltMgr:FLTMGR.SYS
 0000:ffff5000       .debug$S                   0000000140000000     fltMgr:FLTMGR.SYS
 0000:ffff5000       .debug$S                   0000000140000000     fltMgr:FLTMGR.SYS
 0000:ffff5000       .debug$S                   0000000140000000     fltMgr:FLTMGR.SYS
 0000:ffff5000       .debug$S                   0000000140000000     fltMgr:FLTMGR.SYS
 0000:ffff5000       .debug$S                   0000000140000000     fltMgr:FLTMGR.SYS
 0000:ffff5000       .debug$S                   0000000140000000     fltMgr:FLTMGR.SYS
 0000:ffff5000       .debug$S                   0000000140000000     ntoskrnl:ntoskrnl.exe
 0000:ffff5000       .debug$S                   0000000140000000     ntoskrnl:ntoskrnl.exe
 0000:ffff5000       .debug$S                   0000000140000000     ntoskrnl:ntoskrnl.exe
 0000:ffff5000       .debug$S                   0000000140000000     ntoskrnl:ntoskrnl.exe
 0000:ffff5000       .debug$S                   0000000140000000     ntoskrnl:ntoskrnl.exe
 0000:ffff5000       .debug$S                   0000000140000000     ntoskrnl:ntoskrnl.exe
 0000:ffff5000       .debug$S                   0000000140000000     ntoskrnl:ntoskrnl.exe
 0000:ffff5000       .debug$S                   0000000140000000     ntoskrnl:ntoskrnl.exe
 0000:ffff5000       .debug$S                   0000000140000000     ntoskrnl:ntoskrnl.exe
 0000:ffff5000       .debug$S                   0000000140000000     ntoskrnl:ntoskrnl.exe
 0000:ffff5000       .debug$S                   0000000140000000     ntoskrnl:ntoskrnl.exe
 0000:ffff5000       .debug$S                   0000000140000000     ntoskrnl:ntoskrnl.exe
 0000:ffff5000       .debug$S                   0000000140000000     ntoskrnl:ntoskrnl.exe
 0000:ffff5000       .debug$S                   0000000140000000     ntoskrnl:ntoskrnl.exe
 0000:ffff5000       .debug$S                   0000000140000000     ntoskrnl:ntoskrnl.exe
 0000:ffff5000       .debug$S                   0000000140000000     ntoskrnl:ntoskrnl.exe
 0000:ffff5000       .debug$S                   0000000140000000     ntoskrnl:ntoskrnl.exe
 0000:ffff5000       .debug$S                   0000000140000000     ntoskrnl:ntoskrnl.exe
 0000:ffff5000       .debug$S                   0000000140000000     ntoskrnl:ntoskrnl.exe
 0000:ffff5000       .debug$S                   0000000140000000     ntoskrnl:ntoskrnl.exe
 0000:ffff5000       .debug$S                   0000000140000000     ntoskrnl:ntoskrnl.exe
 0000:ffff5000       .debug$S                   0000000140000000     ntoskrnl:ntoskrnl.exe
 0000:ffff5000       .debug$S                   0000000140000000     ntoskrnl:ntoskrnl.exe
 0000:ffff5000       .debug$S                   0000000140000000     ntoskrnl:ntoskrnl.exe
 0000:ffff5000       .debug$S                   0000000140000000     ntoskrnl:ntoskrnl.exe
 0000:ffff5000       .debug$S                   0000000140000000     ntoskrnl:ntoskrnl.exe
 0000:ffff5000       .debug$S                   0000000140000000     ntoskrnl:ntoskrnl.exe
 0000:ffff5000       .debug$S                   0000000140000000     ntoskrnl:ntoskrnl.exe
 0000:ffff5000       .debug$S                   0000000140000000     ntoskrnl:ntoskrnl.exe
 0000:ffff5000       .debug$S                   0000000140000000     ntoskrnl:ntoskrnl.exe
 0002:ffffd00c       __guard_fids__             000000014000000c     RegistrationData.obj
 0002:ffffd020       __guard_fids__             0000000140000020     RegistrationData.obj
 0001:00000160       DumpString                 0000000140001160 f   minispy.obj
 0001:000002e0       IsNpfsVolume               00000001400012e0 f   minispy.obj
 0001:00000330       IsPythonProc               0000000140001330 f   minispy.obj
 0001:000003b0       LogProc                    00000001400013b0 f   minispy.obj
 0001:00000460       PostWrite_WhenSafe         0000000140001460 f   minispy.obj
 0001:00001320       $$000000                   0000000140002320     BufferOverflowFastFailK:amdsecgs.obj
 0001:00001360       $$000000                   0000000140002360     BufferOverflowFastFailK:guard_dispatch.obj
 0001:00001380       $$000000                   0000000140002380     BufferOverflowFastFailK:guard_xfg_dispatch.obj
 0001:000014a0       AcquireWriteView$filt$0    00000001400024a0 f   minispy.obj
 0001:000014c0       SpyGetLog$filt$0           00000001400024c0 f   mspyLib.obj
 0002:00000788       $unwind$MmGetSystemAddressForMdlSafe 0000000140003788     minispy.obj
 0002:00000788       $unwind$SpyExceptionFilter 0000000140003788     minispy.obj
 0002:00000788       $unwind$SpyQueryTeardown   0000000140003788     minispy.obj
 0002:00000794       $unwind$SpyKtmNotificationCallback 0000000140003794     minispy.obj
 0002:00000794       $unwind$SpyPreOperationCallback 0000000140003794     minispy.obj
 0002:000007a0       $unwind$SpyPostOperationCallback 00000001400037a0     minispy.obj
 0002:000007ac       $unwind$SpyFilterUnload    00000001400037ac     minispy.obj
 0002:000007b8       $unwind$SpyDeleteTxfContext 00000001400037b8     minispy.obj
 0002:000007c4       $unwind$DriverEntry        00000001400037c4     minispy.obj
 0002:000007e8       $unwind$DriverEntry$fin$0  00000001400037e8     minispy.obj
 0002:000007f4       $unwind$SpyMessage         00000001400037f4     minispy.obj
 0002:00000828       $unwind$AcquireWriteView$filt$0 0000000140003828     minispy.obj
 0002:00000828       $unwind$SpyMessage$filt$0  0000000140003828     minispy.obj
 0002:00000828       $unwind$SpyMessage$filt$1  0000000140003828     minispy.obj
 0002:00000828       $unwind$SpyGetLog$filt$0   0000000140003828     mspyLib.obj
 0002:00000834       $unwind$SpyConnect         0000000140003834     minispy.obj
 0002:00000840       $unwind$IsNpfsVolume       0000000140003840     minispy.obj
 0002:00000840       $unwind$IsPythonProc       0000000140003840     minispy.obj
 0002:00000840       $unwind$SpyDisconnect      0000000140003840     minispy.obj
 0002:00000840       $unwind$RemoveHeadList     0000000140003840     mspyLib.obj
 0002:00000840       $unwind$SpyAllocateBuffer  0000000140003840     mspyLib.obj
 0002:00000840       $unwind$SpyFreeRecord      0000000140003840     mspyLib.obj
 0002:00000840       $unwind$SpyLog             0000000140003840     mspyLib.obj
 0002:0000084c       $unwind$LogProc            000000014000384c     minispy.obj
 0002:0000084c       $unwind$InsertHeadList     000000014000384c     mspyLib.obj
 0002:0000084c       $unwind$InsertTailList     000000014000384c     mspyLib.obj
 0002:00000858       $unwind$DumpString         0000000140003858     minispy.obj
 0002:00000870       $unwind$ReleaseBufView     0000000140003870     minispy.obj
 0002:00000870       $unwind$RtlpCheckListEntry 0000000140003870     mspyLib.obj
 0002:00000870       $unwind$SpyFreeBuffer      0000000140003870     mspyLib.obj
 0002:0000087c       $unwind$AcquireWriteView   000000014000387c     minispy.obj
 0002:000008a4       $unwind$PostWrite_WhenSafe 00000001400038a4     minispy.obj
 0002:000008b4       $unwind$IsListEmpty        00000001400038b4     mspyLib.obj
 0002:000008c0       $unwind$FatalListEntryError 00000001400038c0     mspyLib.obj
 0002:000008cc       $unwind$SpyReadDriverParameters 00000001400038cc     mspyLib.obj
 0002:000008e0       $unwind$SpyNewRecord       00000001400038e0     mspyLib.obj
 0002:000008ec       $unwind$SpyLogTransactionNotify 00000001400038ec     mspyLib.obj
 0002:000008f8       $unwind$SpyGetLog          00000001400038f8     mspyLib.obj
 0002:00000920       $unwind$SpyEmptyOutputBufferList 0000000140003920     mspyLib.obj
 0002:0000092c       $unwind$TxNotificationToMinorCode 000000014000392c     mspyLib.obj
 0002:00000938       $unwind$GsDriverEntry      0000000140003938     BufferOverflowFastFailK:gs_driverentry.obj
 0002:00000948       $xdatasym                  0000000140003948     BufferOverflowFastFailK:amdsecgs.obj
 0002:00000950       $xdatasym$_guard_dispatch_icall_nop 0000000140003950     BufferOverflowFastFailK:guard_dispatch.obj
 0002:00000950       $xdatasym$_guard_xfg_dispatch_icall_nop 0000000140003950     BufferOverflowFastFailK:guard_xfg_dispatch.obj
 0002:00000958       $unwind$__GSHandlerCheck   0000000140003958     ntoskrnl:gshandler.obj
 0002:00000958       $unwind$__GSHandlerCheckCommon 0000000140003958     ntoskrnl:gshandler.obj
 0003:00000000       ?Sequence@?1??SpyEnlistInTransaction@@9@9 0000000140004000     minispy.obj
 0005:00000390       SpyMessage$filt$0          0000000140006390 f   minispy.obj
 0005:000003b3       SpyMessage$filt$1          00000001400063b3 f   minispy.obj
 0006:00000550       DriverEntry$fin$0          0000000140007550 f   minispy.obj
 0006:00000976       .idata$6                   0000000140007976     ntoskrnl:ntoskrnl.exe
 0006:00000b06       .idata$6                   0000000140007b06     fltMgr:FLTMGR.SYS
 0008:000000b0       $R000000                   00000001400090b0     minispy.res
 0008:000000e8       $R000038                   00000001400090e8     minispy.res
